  DynArray.cpp
  Jegy.cpp
C:\Users\denes\Documents\prog\nhf2\nhf\Jegy.cpp(8,11): warning C4566: character represented by universal-character-name '\u2554' cannot be represented in the current code page (1252)
C:\Users\denes\Documents\prog\nhf2\nhf\Jegy.cpp(8,11): warning C4566: character represented by universal-character-name '\u2550' cannot be represented in the current code page (1252)
C:\Users\denes\Documents\prog\nhf2\nhf\Jegy.cpp(8,11): warning C4566: character represented by universal-character-name '\u2557' cannot be represented in the current code page (1252)
C:\Users\denes\Documents\prog\nhf2\nhf\Jegy.cpp(9,11): warning C4566: character represented by universal-character-name '\u2551' cannot be represented in the current code page (1252)
C:\Users\denes\Documents\prog\nhf2\nhf\Jegy.cpp(10,11): warning C4566: character represented by universal-character-name '\u2560' cannot be represented in the current code page (1252)
C:\Users\denes\Documents\prog\nhf2\nhf\Jegy.cpp(10,11): warning C4566: character represented by universal-character-name '\u2550' cannot be represented in the current code page (1252)
C:\Users\denes\Documents\prog\nhf2\nhf\Jegy.cpp(10,11): warning C4566: character represented by universal-character-name '\u2563' cannot be represented in the current code page (1252)
C:\Users\denes\Documents\prog\nhf2\nhf\Jegy.cpp(11,11): warning C4566: character represented by universal-character-name '\u2551' cannot be represented in the current code page (1252)
C:\Users\denes\Documents\prog\nhf2\nhf\Jegy.cpp(11,75): warning C4566: character represented by universal-character-name '\u2551' cannot be represented in the current code page (1252)
C:\Users\denes\Documents\prog\nhf2\nhf\Jegy.cpp(12,11): warning C4566: character represented by universal-character-name '\u2551' cannot be represented in the current code page (1252)
C:\Users\denes\Documents\prog\nhf2\nhf\Jegy.cpp(12,100): warning C4566: character represented by universal-character-name '\u2551' cannot be represented in the current code page (1252)
C:\Users\denes\Documents\prog\nhf2\nhf\Jegy.cpp(13,11): warning C4566: character represented by universal-character-name '\u2551' cannot be represented in the current code page (1252)
C:\Users\denes\Documents\prog\nhf2\nhf\Jegy.cpp(13,81): warning C4566: character represented by universal-character-name '\u2551' cannot be represented in the current code page (1252)
C:\Users\denes\Documents\prog\nhf2\nhf\Jegy.cpp(14,11): warning C4566: character represented by universal-character-name '\u2551' cannot be represented in the current code page (1252)
C:\Users\denes\Documents\prog\nhf2\nhf\Jegy.cpp(14,75): warning C4566: character represented by universal-character-name '\u2551' cannot be represented in the current code page (1252)
C:\Users\denes\Documents\prog\nhf2\nhf\Jegy.cpp(15,11): warning C4566: character represented by universal-character-name '\u255A' cannot be represented in the current code page (1252)
C:\Users\denes\Documents\prog\nhf2\nhf\Jegy.cpp(15,11): warning C4566: character represented by universal-character-name '\u2550' cannot be represented in the current code page (1252)
C:\Users\denes\Documents\prog\nhf2\nhf\Jegy.cpp(15,11): warning C4566: character represented by universal-character-name '\u255D' cannot be represented in the current code page (1252)
C:\Users\denes\Documents\prog\nhf2\nhf\Jegy.cpp(14,61): error C4996: 'ctime': This function or variable may be unsafe. Consider using ctime_s instead. To disable deprecation, use _CRT_SECURE_NO_WARNINGS. See online help for details.
C:\Users\denes\Documents\prog\nhf2\nhf\Jegy.cpp(23,11): warning C4566: character represented by universal-character-name '\u2554' cannot be represented in the current code page (1252)
C:\Users\denes\Documents\prog\nhf2\nhf\Jegy.cpp(23,11): warning C4566: character represented by universal-character-name '\u2550' cannot be represented in the current code page (1252)
C:\Users\denes\Documents\prog\nhf2\nhf\Jegy.cpp(23,11): warning C4566: character represented by universal-character-name '\u2557' cannot be represented in the current code page (1252)
C:\Users\denes\Documents\prog\nhf2\nhf\Jegy.cpp(24,11): warning C4566: character represented by universal-character-name '\u2551' cannot be represented in the current code page (1252)
C:\Users\denes\Documents\prog\nhf2\nhf\Jegy.cpp(25,11): warning C4566: character represented by universal-character-name '\u2560' cannot be represented in the current code page (1252)
C:\Users\denes\Documents\prog\nhf2\nhf\Jegy.cpp(25,11): warning C4566: character represented by universal-character-name '\u2550' cannot be represented in the current code page (1252)
C:\Users\denes\Documents\prog\nhf2\nhf\Jegy.cpp(25,11): warning C4566: character represented by universal-character-name '\u2563' cannot be represented in the current code page (1252)
C:\Users\denes\Documents\prog\nhf2\nhf\Jegy.cpp(26,11): warning C4566: character represented by universal-character-name '\u2551' cannot be represented in the current code page (1252)
C:\Users\denes\Documents\prog\nhf2\nhf\Jegy.cpp(26,66): warning C4566: character represented by universal-character-name '\u2551' cannot be represented in the current code page (1252)
C:\Users\denes\Documents\prog\nhf2\nhf\Jegy.cpp(27,11): warning C4566: character represented by universal-character-name '\u2551' cannot be represented in the current code page (1252)
C:\Users\denes\Documents\prog\nhf2\nhf\Jegy.cpp(27,114): warning C4566: character represented by universal-character-name '\u2551' cannot be represented in the current code page (1252)
C:\Users\denes\Documents\prog\nhf2\nhf\Jegy.cpp(28,11): warning C4566: character represented by universal-character-name '\u2551' cannot be represented in the current code page (1252)
C:\Users\denes\Documents\prog\nhf2\nhf\Jegy.cpp(28,101): warning C4566: character represented by universal-character-name '\u2551' cannot be represented in the current code page (1252)
C:\Users\denes\Documents\prog\nhf2\nhf\Jegy.cpp(29,11): warning C4566: character represented by universal-character-name '\u2551' cannot be represented in the current code page (1252)
C:\Users\denes\Documents\prog\nhf2\nhf\Jegy.cpp(29,77): warning C4566: character represented by universal-character-name '\u2551' cannot be represented in the current code page (1252)
C:\Users\denes\Documents\prog\nhf2\nhf\Jegy.cpp(30,11): warning C4566: character represented by universal-character-name '\u2551' cannot be represented in the current code page (1252)
C:\Users\denes\Documents\prog\nhf2\nhf\Jegy.cpp(30,71): warning C4566: character represented by universal-character-name '\u2551' cannot be represented in the current code page (1252)
C:\Users\denes\Documents\prog\nhf2\nhf\Jegy.cpp(31,11): warning C4566: character represented by universal-character-name '\u255A' cannot be represented in the current code page (1252)
C:\Users\denes\Documents\prog\nhf2\nhf\Jegy.cpp(31,11): warning C4566: character represented by universal-character-name '\u2550' cannot be represented in the current code page (1252)
C:\Users\denes\Documents\prog\nhf2\nhf\Jegy.cpp(31,11): warning C4566: character represented by universal-character-name '\u255D' cannot be represented in the current code page (1252)
  Kocsi.cpp
  main.cpp
  menu.cpp
C:\Users\denes\Documents\prog\nhf2\nhf\menu.cpp(51,3): error C2059: syntax error: '}'
C:\Users\denes\Documents\prog\nhf2\nhf\menu.cpp(53,2): error C2059: syntax error: '}'
  vonat.cpp
C:\Users\denes\Documents\prog\nhf2\nhf\vonat.cpp(81,21): warning C4267: 'argument': conversion from 'size_t' to 'int', possible loss of data
  Generating Code...
